{  "aio": {"uncompressed": {  "runtime": 4252,  "main": 471611,  "polyfills": 33862,  "styles": 74135,  "light-theme": 87777,  "dark-theme": 88099}  },  "aio-local": {"uncompressed": {  "runtime": 4252,  "main": 471611,  "polyfills": 33862,  "styles": 74135,  "light-theme": 87777,  "dark-theme": 88099}  }}